MPLINK 4.48, Linker
Linker Map File - Created Wed May 25 01:01:52 2022

                                 Section Info
                  Section       Type    Address   Location Size(Bytes)
                ---------  ---------  ---------  ---------  ---------
                   .org_0       code   0x000000    program   0x000002
                   .cinit    romdata   0x000001    program   0x000004
                   .org_1       code   0x000004    program   0x000032
 .config_2007_HALFADDER.O       code   0x002007    program   0x000002



                              Program Memory Usage 
                               Start         End      
                           ---------   ---------      
                            0x000000    0x000002      
                            0x000004    0x00001c      
                            0x002007    0x002007      
            29 out of 1094 program addresses used, program memory utilization is 2%



                              Symbols - Sorted by Name
                     Name    Address   Location    Storage File                     
                ---------  ---------  ---------  --------- ---------                
                     LOOP   0x00000a    program     static G:\Embedded System Simulations\Half Adder\MPLAB\halfAdder.asm
                     OFF1   0x00001a    program     static G:\Embedded System Simulations\Half Adder\MPLAB\halfAdder.asm
                     OFF2   0x000017    program     static G:\Embedded System Simulations\Half Adder\MPLAB\halfAdder.asm
                    START   0x000005    program     static G:\Embedded System Simulations\Half Adder\MPLAB\halfAdder.asm
                 STATE_0X   0x000012    program     static G:\Embedded System Simulations\Half Adder\MPLAB\halfAdder.asm
                 STATE_1X   0x00000d    program     static G:\Embedded System Simulations\Half Adder\MPLAB\halfAdder.asm



                              Symbols - Sorted by Address
                     Name    Address   Location    Storage File                     
                ---------  ---------  ---------  --------- ---------                
                    START   0x000005    program     static G:\Embedded System Simulations\Half Adder\MPLAB\halfAdder.asm
                     LOOP   0x00000a    program     static G:\Embedded System Simulations\Half Adder\MPLAB\halfAdder.asm
                 STATE_1X   0x00000d    program     static G:\Embedded System Simulations\Half Adder\MPLAB\halfAdder.asm
                 STATE_0X   0x000012    program     static G:\Embedded System Simulations\Half Adder\MPLAB\halfAdder.asm
                     OFF2   0x000017    program     static G:\Embedded System Simulations\Half Adder\MPLAB\halfAdder.asm
                     OFF1   0x00001a    program     static G:\Embedded System Simulations\Half Adder\MPLAB\halfAdder.asm


